<?xml version="1.0" encoding="UTF-8"?>
<testsuites name="jest tests" tests="7" failures="0" time="1.423">
  <testsuite name="undefined" errors="0" failures="0" skipped="0" timestamp="2021-06-06T14:08:23" time="0.974" tests="7">
    <testcase classname=" initial UI is rendered as expected" name=" initial UI is rendered as expected" time="0.033">
    </testcase>
    <testcase classname=" + operation works" name=" + operation works" time="0.031">
    </testcase>
    <testcase classname=" - operation works" name=" - operation works" time="0.015">
    </testcase>
    <testcase classname=" * operation works" name=" * operation works" time="0.024">
    </testcase>
    <testcase classname=" / operation works" name=" / operation works" time="0.011">
    </testcase>
    <testcase classname=" total operations count is maintained" name=" total operations count is maintained" time="0.033">
    </testcase>
    <testcase classname=" Reset button works" name=" Reset button works" time="0.021">
    </testcase>
  </testsuite>
</testsuites>